// Vitest Snapshot v1, https://vitest.dev/guide/snapshot.html

exports[`MarkdownModuleHeadline3 > rendering > renders correctly with an empty text state 1`] = `
<editor-content-stub
  data-v-82d3cf13=""
/>
`;

exports[`MarkdownModuleHeadline3 > rendering > renders correctly with text content 1`] = `
<editor-content-stub
  data-v-82d3cf13=""
/>
`;
